<?xml version="1.0" encoding="UTF-8" ?>
<cheatsheet
      title="Test cheatsheet without cheatsheet element">
   <item
         title="Introduction"
         description="Simple test"
         Href="null"
         contextId="null">
      <nullAction/>
      <nullList/>
      <nullPerformWhen/>
      <nullList/>
   </item>
   <list>
      <item
            title="Just a simple test"
            description="Did it work? Of course not, it is suppose to cause a parsing error."
            Href="null"
            contextId="null">
         <nullAction/>
         <list/>
         <performWhen
               condition="${pattern}">
            <list>
               <action
                     class="org.eclipse.ui.examples.cheatsheets.pattern.actions.FactoryCustomizeAction"
                     pluginId="org.eclipse.ua.tests"
                     when="Factory"
                     isConfirm="false">
                  <nullArray/>
               </action>
               <action
                     class="org.eclipse.ui.examples.cheatsheets.pattern.actions.SingletonCustomizeAction"
                     pluginId="org.eclipse.ua.tests"
                     when="Singleton"
                     isConfirm="false">
                  <nullArray/>
               </action>
               <action
                     class="org.eclipse.ui.examples.cheatsheets.pattern.actions.VisitorCustomizeAction"
                     pluginId="org.eclipse.ua.tests"
                     when="Visitor"
                     isConfirm="false">
                  <nullArray/>
               </action>
            </list>
         </performWhen>
         <nullList/>
      </item>
   </list>
</cheatsheet>
