<!DOCTYPE html PUBLIC "-//W3C//DTD XHTML 1.0 Transitional//EN" "http://www.w3.org/TR/xhtml1/DTD/xhtml1-transitional.dtd">
<html xmlns="http://www.w3.org/1999/xhtml">
<head>

<title>anchor2.xhtml</title>
</head>
<body>

<p id="paragraph.1">
This is the first paragraph in anchor2.xhtml.
</p>
<p id="paragraph.2">
This is the second paragraph in anchor2.xhtml.
</p>
<p id="paragraph.3">
This is the third paragraph in anchor2.xhtml.
</p>

</body>
</html>