<!--
   This is the main intro page that contains links to the various example test pages.
   See the referenced pages for more details. There is no dynamic content on this page.
--><!DOCTYPE html PUBLIC "-//W3C//DTD XHTML 1.0 Transitional//EN" "http://www.w3.org/TR/xhtml1/DTD/xhtml1-transitional.dtd">
<html xmlns="http://www.w3.org/1999/xhtml">
<head>

<title>root.xhtml</title>
</head>

<body>
<h2>root.xhtml</h2>
<div class="page-style">

<ul>
<li><a href="http://org.eclipse.ui.intro/showPage?id=static">static.xhtml</a></li>
<li><a href="http://org.eclipse.ui.intro/showPage?id=filter">filter.xhtml</a></li>
<li><a href="http://org.eclipse.ui.intro/showPage?id=include">include.xhtml</a></li>
<li><a href="http://org.eclipse.ui.intro/showPage?id=anchor">anchor.xhtml</a></li>
</ul>

</div>
</body>
</html>