<!--
   A static XHTML page for sanity test. No dynamic content here.
--><!DOCTYPE html PUBLIC "-//W3C//DTD XHTML 1.0 Transitional//EN" "http://www.w3.org/TR/xhtml1/DTD/xhtml1-transitional.dtd">
<html xmlns="http://www.w3.org/1999/xhtml">
<head>

<title>static.xhtml</title>
</head>

<body>
<h2>static.xhtml</h2>
<p>
This page contains static XHTML content only.
</p>
</body>
</html>