<?xml version="1.0" encoding="UTF-8" ?>
<cheatsheet
      title="Test cheatsheet opening from URL">
   <item
         title="Introduction"
         description="Simple test"
         Href="null"
         contextId="null">
      <nullAction/>
      <nullList/>
      <nullPerformWhen/>
      <nullList/>
   </item>
   <list>
      <item
            title="Just a simple test"
            description="Did it work?"
            Href="null"
            contextId="null">
         <nullAction/>
         <list/>
         <nullPerformWhen/>
         <nullList/>
      </item>
   </list>
</cheatsheet>
