<?xml version="1.0" encoding="UTF-8"?>
<index>
   <entry keyword="keyword1">
      <entry keyword="keyword2">
         <topic href="topic2.html" label="topic2"/>
      </entry>
   </entry>
   <entry keyword="keyword3">
      <topic href="topic3.html" label="topic3"/>
      <topic href="topic3b.html" label="topic3b"/>
      <entry keyword="keyword9">
         <topic href="topic9.html" label="topic9"/>
      </entry>
   </entry>
   <entry keyword="keyword4">
      <topic href="topic4.html" label="topic4"/>
   </entry>
   <entry keyword="keyword5">
      <topic href="topic5.html" label="topic5"/>
   </entry>
   <entry keyword="keyword6">
      <entry keyword="keyword7">
         <topic href="topic7.html" label="topic7"/>
      </entry>
      <entry keyword="keyword8">
         <topic href="topic8a.html" label="topic8a"/>
         <topic href="topic8b.html" label="topic8b"/>
      </entry>
   </entry>
</index>
